  [OK]    _challenger_test.js
  [OK]    harness.js
  [OK]    repro_hallazgo20b.js
  [OK]    runner.js
  [OK]    suite_01_texto_datos.js
  [OK]    suite_02_tiempo_fechas.js
  [OK]    suite_03_excel_pym.js
  [OK]    suite_04_agenda_alertas.js
  [OK]    suite_05_api_everest.js
  [OK]    suite_06_interfaz.js
  [OK]    suite_07_excel_parser.js
  [OK]    suite_08_labs_cronicos.js
  [OK]    suite_09_ajustes.js
  [OK]    suite_101_permisos.js
  [OK]    suite_102_widget_rcv.js
  [OK]    suite_103_unicidad_notificaciones.js
  [OK]    suite_104_sync_escritura.js
  [OK]    suite_105_boton_actualizar.js
  [OK]    suite_106_orden10_extemporaneos.js
  [OK]    suite_107_latencia_cupos.js
  [OK]    suite_108_ab1_diferidos.js
  [OK]    suite_109_ab2_reintentos.js
  [OK]    suite_10_eventos_auditoria.js
  [OK]    suite_110_ab3_rage_host.js
  [OK]    suite_111_ab8_version.js
  [OK]    suite_112_mesa_expertos_muertas.js
  [OK]    suite_11_reportes.js
  [OK]    suite_12_sharepoint_piloto.js
  [OK]    suite_13_api_agenda.js
  [OK]    suite_14_extraccion_dom.js
  [OK]    suite_15_interfaz_avanzada.js
  [OK]    suite_16_excel_stream.js
  [OK]    suite_17_nucleo.js
  [OK]    suite_18_athenea_bridge.js
  [OK]    suite_19_identidad_cuota.js
  [OK]    suite_20_correo_ordenes.js
  [OK]    suite_21_comparador.js
  [OK]    suite_21_v12_4_pym_horas.js
  [OK]    suite_22_utilidades_puras.js
  [OK]    suite_23_ux_telemetria.js
  [OK]    suite_24_motor_perfil.js
  [OK]    suite_25_cascada_css.js
  [OK]    suite_26_banco_sano.js
  [OK]    suite_27_funcion_renal.js
  [OK]    suite_28_vigencias_estadio.js
  [OK]    suite_29_estadio_renal_r1b.js
  [OK]    suite_30_killswitch_canario.js
  [OK]    suite_30_rangos_oficiales.js
  [OK]    suite_31_labs_rango_oficial.js
  [OK]    suite_31_seguridad_phi_xss.js
  [OK]    suite_32_correccion_clinica_dom.js
  [OK]    suite_33_robustez_concurrencia_red.js
  [OK]    suite_34_cobertura_alto_riesgo_mutantes.js
  [OK]    suite_35_interfaz_accesibilidad_medica.js
  [OK]    suite_36_entrega_runbook_prr.js
  [OK]    suite_37_invariantes_criticos.js
  [OK]    suite_38_motor_fechas.js
  [OK]    suite_39_motor_farmaco.js
  [OK]    suite_40_motor_interacciones.js
  [OK]    suite_41_motor_vista.js
  [OK]    suite_42_canales_de_aviso.js
  [OK]    suite_43_conformidad_cruzada.js
  [OK]    suite_44_grounding_sin_phi.js
  [OK]    suite_45_riesgo_cv.js
  [OK]    suite_46_ftl_sabados.js
  [OK]    suite_47_recuadro_clinico.js
  [OK]    suite_48_uro_foco.js
  [OK]    suite_49_falla_recontrol.js
  [OK]    suite_50_puente_modales.js
  [OK]    suite_51_uro_conducta.js
  [OK]    suite_52_agend_pendiente.js
  [OK]    suite_53_conducta_codigo.js
  [OK]    suite_54_farmaco_rcv.js
  [OK]    suite_55_framingham_oficial.js
  [OK]    suite_56_hoja_hechos.js
  [OK]    suite_57_ia_redaccion.js
  [OK]    suite_58_ia_insercion.js
  [OK]    suite_59_burbujas_ux.js
  [OK]    suite_60_reloj_segundo_plano.js
  [OK]    suite_61_v158_ux.js
  [OK]    suite_62_cierre_cita.js
  [OK]    suite_63_tablero_riesgo.js
  [OK]    suite_64_pestanas_botones.js
  [OK]    suite_65_minimizar_modulos.js
  [OK]    suite_66_fraude_relevo.js
  [OK]    suite_67_panel_paciente.js
  [OK]    suite_68_v17_cola.js
  [OK]    suite_69_catalogo_rcv.js
  [OK]    suite_69_v18_carpeta_cifrada.js
  [OK]    suite_70_enjambre_pre_despliegue.js
  [OK]    suite_70_v18_glm_medicion.js
  [OK]    suite_71_widget_conducta.js
  [OK]    suite_72_lint_pantalla.js
  [OK]    suite_73_recorridos.js
  [OK]    suite_74_auditoria_p123.js
  [OK]    suite_75_disco.js
  [OK]    suite_76_disco_hostil.js
  [OK]    suite_77_falla_natural.js
  [OK]    suite_78_acceso.js
  [OK]    suite_79_aviso_paciente.js
  [OK]    suite_80_acceso_matriz.js
  [OK]    suite_81_barrera_ia.js
  [OK]    suite_82_consentimiento.js
  [OK]    suite_83_observabilidad.js
  [OK]    suite_84_saneamiento.js
  [OK]    suite_85_simulacion_m1.js
  [OK]    suite_87_telemetria_v18_4.js
  [OK]    suite_88_rcv_pendientes.js
  [OK]    suite_89_cosecha_cifrada.js
  [OK]    suite_89_nt_mejoras.js
  [OK]    suite_90_uro_menu.js
  [OK]    suite_91_hc_launch.js
  [OK]    suite_92_base_unica.js
  [OK]    suite_93_toggles_f3.js
  [OK]    suite_94_rendimiento.js
  [OK]    suite_95_perfcache.js
  [OK]    suite_96_grounding.js
  [OK]    suite_97_hc_directo.js
  [OK]    suite_98_hc_pestanas.js
  [OK]    suite_99_ia_deepseek.js
